
Allocating common symbols
Common symbol       size              file

global_rules_shadow
                    0x630             obj/kern/libdwarf_frame.o
end_debug           0x8               obj/kern/init.o
mydebug             0x60              obj/kern/kdebug.o
panicstr            0x8               obj/kern/init.o
boot_cr3            0x8               obj/kern/pmap.o
global_std_op       0x200             obj/kern/libdwarf_lineno.o
_cie                0x78              obj/kern/kdebug.o
global_rules        0x630             obj/kern/libdwarf_frame.o
boot_pml4e          0x8               obj/kern/pmap.o
_fde                0x80              obj/kern/kdebug.o
npages              0x8               obj/kern/pmap.o
pages               0x8               obj/kern/pmap.o

Discarded input sections

 .note.GNU-stack
                0x0000000000000000        0x0 obj/kern/init.o
 .note.GNU-stack
                0x0000000000000000        0x0 obj/kern/console.o
 .note.GNU-stack
                0x0000000000000000        0x0 obj/kern/monitor.o
 .note.GNU-stack
                0x0000000000000000        0x0 obj/kern/pmap.o
 .note.GNU-stack
                0x0000000000000000        0x0 obj/kern/kclock.o
 .note.GNU-stack
                0x0000000000000000        0x0 obj/kern/printf.o
 .note.GNU-stack
                0x0000000000000000        0x0 obj/kern/syscall.o
 .note.GNU-stack
                0x0000000000000000        0x0 obj/kern/kdebug.o
 .note.GNU-stack
                0x0000000000000000        0x0 obj/kern/printfmt.o
 .note.GNU-stack
                0x0000000000000000        0x0 obj/kern/readline.o
 .note.GNU-stack
                0x0000000000000000        0x0 obj/kern/string.o
 .note.GNU-stack
                0x0000000000000000        0x0 obj/kern/libdwarf_rw.o
 .note.GNU-stack
                0x0000000000000000        0x0 obj/kern/libdwarf_frame.o
 .note.GNU-stack
                0x0000000000000000        0x0 obj/kern/libdwarf_lineno.o
 .note.GNU-stack
                0x0000000000000000        0x0 obj/kern/elf_rw.o

Memory Configuration

Name             Origin             Length             Attributes
*default*        0x0000000000000000 0xffffffffffffffff

Linker script and memory map

                0x0000000000100000                . = 0x100000

.bootstrap      0x0000000000100000     0x7004
 obj/kern/bootstrap.o(.text .data .bss)
 .text          0x0000000000100000      0x115 obj/kern/bootstrap.o
                0x0000000000100000                _head64
                0x00000000001000e5                jumpto_longmode
 *fill*         0x0000000000100115      0xeeb 
 .data          0x0000000000101000     0x6004 obj/kern/bootstrap.o
                0x0000000000102000                pml4phys
                0x0000000000107000                multiboot_info
 .bss           0x0000000000107004        0x0 obj/kern/bootstrap.o
                0x0000008004200000                . = 0x8004200000

.text           0x0000008004200000     0xe10d load address 0x0000000000200000
 *(EXCLUDE_FILE(obj/kern/bootstrap.o) .text .stub .text.* .gnu.linkonce.t.*)
 .text          0x0000008004200000       0x58 obj/kern/entry.o
                0x000000800420000c                entry
                0x000000000020000c                _start
 .text          0x0000008004200058      0x2da obj/kern/init.o
                0x0000008004200058                i386_init
                0x0000008004200117                _panic
                0x0000008004200244                _warn
 .text          0x0000008004200332      0xb06 obj/kern/console.o
                0x00000080042003c3                serial_intr
                0x0000008004200be8                kbd_intr
                0x0000008004200c96                cons_getc
                0x0000008004200d8b                cons_init
                0x0000008004200de5                cputchar
                0x0000008004200e04                getchar
                0x0000008004200e26                iscons
 .text          0x0000008004200e38      0x6ba obj/kern/monitor.o
                0x0000008004200e38                mon_help
                0x0000008004200ed2                mon_kerninfo
                0x0000008004201066                mon_backtrace
                0x000000800420146b                monitor
 .text          0x00000080042014f2     0x4d01 obj/kern/pmap.o
                0x0000008004202015                x64_vm_init
                0x0000008004202273                page_init
                0x000000800420251a                page_alloc
                0x0000008004202624                page_free
                0x000000800420269b                page_decref
                0x00000080042026dd                pml4e_walk
                0x0000008004202936                pdpe_walk
                0x0000008004202b8f                pgdir_walk
                0x0000008004202d6d                page_insert
                0x0000008004202d8b                page_lookup
                0x0000008004202da6                page_remove
                0x0000008004202db9                tlb_invalidate
 .text          0x00000080042061f3       0x7d obj/kern/kclock.o
                0x00000080042061f3                mc146818_read
                0x000000800420622f                mc146818_write
 .text          0x0000008004206270      0x166 obj/kern/printf.o
                0x000000800420629f                vcprintf
                0x00000080042062fe                cprintf
 .text          0x00000080042063d6       0x4a obj/kern/syscall.o
                0x00000080042063d6                syscall
 .text          0x0000008004206420      0xafe obj/kern/kdebug.o
                0x0000008004206420                list_func_die
                0x0000008004206b47                debuginfo_rip
 .text          0x0000008004206f1e      0xa4c obj/kern/printfmt.o
                0x00000080042071e4                vprintfmt
                0x00000080042076ea                printfmt
                0x00000080042077ec                vsnprintf
                0x0000008004207889                snprintf
 .text          0x000000800420796a      0x153 obj/kern/readline.o
                0x000000800420796a                readline
 .text          0x0000008004207abd      0x7c6 obj/kern/string.o
                0x0000008004207abd                strlen
                0x0000008004207aeb                strnlen
                0x0000008004207b29                strcpy
                0x0000008004207b6c                strcat
                0x0000008004207bbb                strncpy
                0x0000008004207c1b                strlcpy
                0x0000008004207c8b                strcmp
                0x0000008004207cde                strncmp
                0x0000008004207d4f                strchr
                0x0000008004207d8b                strfind
                0x0000008004207dc3                memset
                0x0000008004207e4e                memmove
                0x0000008004207f65                memcpy
                0x0000008004207f99                memcmp
                0x000000800420800d                memfind
                0x0000008004208057                strtol
                0x00000080042081e8                strstr
 .text          0x0000008004208283     0x1e8c obj/kern/libdwarf_rw.o
                0x0000008004208283                _dwarf_read_lsb
                0x00000080042083af                _dwarf_decode_lsb
                0x00000080042084d0                _dwarf_read_msb
                0x0000008004208682                _dwarf_decode_msb
                0x0000008004208831                _dwarf_read_sleb128
                0x00000080042088d5                _dwarf_read_uleb128
                0x0000008004208954                _dwarf_decode_sleb128
                0x00000080042089e6                _dwarf_decode_uleb128
                0x0000008004208a53                _dwarf_read_string
                0x0000008004208ae2                _dwarf_read_block
                0x0000008004208b2b                _dwarf_elf_get_byte_order
                0x0000008004208b99                _dwarf_elf_get_pointer_size
                0x0000008004208c03                _dwarf_init
                0x0000008004208cdf                _get_next_cu
                0x0000008004208e80                print_cu
                0x0000008004208eb8                _dwarf_abbrev_parse
                0x000000800420913b                _dwarf_abbrev_find
                0x0000008004209245                _dwarf_attr_init
                0x00000080042098df                dwarf_search_die_within_cu
                0x0000008004209bbb                dwarf_offdie
                0x0000008004209c9d                _dwarf_attr_find
                0x0000008004209d30                dwarf_siblingof
                0x0000008004209f32                dwarf_child
                0x000000800420a0b2                _dwarf_find_section_enhanced
 .text          0x000000800420a10f     0x25f3 obj/kern/libdwarf_frame.o
                0x000000800420a10f                _dwarf_frame_params_init
                0x000000800420a150                dwarf_get_fde_at_pc
                0x000000800420a220                _dwarf_frame_regtable_copy
                0x000000800420b1e3                _dwarf_frame_get_internal_table
                0x000000800420b44f                dwarf_get_fde_info_for_all_regs
                0x000000800420c36b                _dwarf_frame_interal_table_init
                0x000000800420c62a                dwarf_set_frame_cfa_value
                0x000000800420c65a                dwarf_init_eh_section
 .text          0x000000800420c702      0xcdb obj/kern/libdwarf_lineno.o
                0x000000800420ccf1                _dwarf_lineno_init
                0x000000800420d262                dwarf_srclines
 .text          0x000000800420d3dd      0xd30 obj/kern/elf_rw.o
                0x000000800420d3dd                _dwarf_find_section
                0x000000800420d45d                find_debug_sections
                0x000000800420d727                read_section_headers
                0x000000800420de80                readseg
                0x000000800420dfe5                waitdisk
                0x000000800420e012                readsect
                0x000000800420e10d                PROVIDE (etext = .)

.iplt           0x000000800420e110        0x0 load address 0x000000000020e110
 .iplt          0x000000800420e110        0x0 obj/kern/bootstrap.o

.rodata         0x000000800420e120     0x1cef load address 0x000000000020e120
 *(EXCLUDE_FILE(obj/kern/bootstrap.o) .rodata .rodata.* .gnu.linkonce.r.*)
 .rodata        0x000000800420e120       0x4f obj/kern/init.o
 .rodata        0x000000800420e16f       0x29 obj/kern/console.o
 .rodata        0x000000800420e198      0x281 obj/kern/monitor.o
 *fill*         0x000000800420e419        0x7 
 .rodata        0x000000800420e420      0xcfc obj/kern/pmap.o
 .rodata        0x000000800420f11c       0x27 obj/kern/syscall.o
 *fill*         0x000000800420f143       0x1d 
 .rodata        0x000000800420f160      0x385 obj/kern/kdebug.o
 *fill*         0x000000800420f4e5       0x1b 
 .rodata        0x000000800420f500      0x408 obj/kern/printfmt.o
 .rodata        0x000000800420f908       0x13 obj/kern/readline.o
 *fill*         0x000000800420f91b        0x5 
 .rodata        0x000000800420f920      0x1ab obj/kern/libdwarf_rw.o
 *fill*         0x000000800420facb        0x5 
 .rodata        0x000000800420fad0      0x1d8 obj/kern/libdwarf_frame.o
 .rodata        0x000000800420fca8       0xc3 obj/kern/libdwarf_lineno.o
 .rodata        0x000000800420fd6b       0xa4 obj/kern/elf_rw.o

.eh_frame       0x000000800420fe10     0x1138 load address 0x000000000020fe10
 .eh_frame      0x000000800420fe10       0x70 obj/kern/init.o
 .eh_frame      0x000000800420fe80      0x240 obj/kern/console.o
                                        0x258 (size before relaxing)
 .eh_frame      0x00000080042100c0       0xa0 obj/kern/monitor.o
                                         0xb8 (size before relaxing)
 .eh_frame      0x0000008004210160      0x390 obj/kern/pmap.o
                                        0x3a8 (size before relaxing)
 .eh_frame      0x00000080042104f0       0x40 obj/kern/kclock.o
                                         0x58 (size before relaxing)
 .eh_frame      0x0000008004210530       0x60 obj/kern/printf.o
                                         0x78 (size before relaxing)
 .eh_frame      0x0000008004210590       0x20 obj/kern/syscall.o
                                         0x38 (size before relaxing)
 .eh_frame      0x00000080042105b0       0x40 obj/kern/kdebug.o
                                         0x58 (size before relaxing)
 .eh_frame      0x00000080042105f0      0x110 obj/kern/printfmt.o
                                        0x128 (size before relaxing)
 .eh_frame      0x0000008004210700       0x20 obj/kern/readline.o
                                         0x38 (size before relaxing)
 .eh_frame      0x0000008004210720      0x220 obj/kern/string.o
                                        0x238 (size before relaxing)
 .eh_frame      0x0000008004210940      0x300 obj/kern/libdwarf_rw.o
                                        0x318 (size before relaxing)
 .eh_frame      0x0000008004210c40      0x1c8 obj/kern/libdwarf_frame.o
                                        0x1e0 (size before relaxing)
 .eh_frame      0x0000008004210e08       0x80 obj/kern/libdwarf_lineno.o
                                         0x98 (size before relaxing)
 .eh_frame      0x0000008004210e88       0xc0 obj/kern/elf_rw.o
                                         0xd8 (size before relaxing)

.rela.dyn       0x0000008004210f48        0x0 load address 0x0000000000210f48
 .rela.got      0x0000008004210f48        0x0 obj/kern/bootstrap.o
 .rela.iplt     0x0000008004210f48        0x0 obj/kern/bootstrap.o
 .rela.text     0x0000008004210f48        0x0 obj/kern/bootstrap.o
 .rela.data     0x0000008004210f48        0x0 obj/kern/bootstrap.o
                0x0000008004211000                . = ALIGN (0x1000)

.data           0x0000008004211000    0x106a0 load address 0x0000000000211000
 *(EXCLUDE_FILE(obj/kern/bootstrap.o) .data)
 .data          0x0000008004211000    0x10042 obj/kern/entry.o
                0x0000008004211000                bootstack
                0x0000008004221000                kernel_64
                0x0000008004221000                bootstacktop
                0x0000008004221038                gdtdesc_64
 .data          0x0000008004221042        0x0 obj/kern/init.o
 *fill*         0x0000008004221042       0x1e 
 .data          0x0000008004221060      0x520 obj/kern/console.o
 .data          0x0000008004221580       0x30 obj/kern/monitor.o
 .data          0x00000080042215b0        0x0 obj/kern/pmap.o
 .data          0x00000080042215b0        0x0 obj/kern/kclock.o
 .data          0x00000080042215b0        0x0 obj/kern/printf.o
 .data          0x00000080042215b0        0x0 obj/kern/syscall.o
 .data          0x00000080042215b0       0x18 obj/kern/kdebug.o
                0x00000080042215b0                fde
                0x00000080042215b8                cie
                0x00000080042215c0                dbg
 .data          0x00000080042215c8        0x0 obj/kern/printfmt.o
 .data          0x00000080042215c8        0x0 obj/kern/readline.o
 .data          0x00000080042215c8        0x0 obj/kern/string.o
 .data          0x00000080042215c8        0x0 obj/kern/libdwarf_rw.o
 *fill*         0x00000080042215c8       0x18 
 .data          0x00000080042215e0       0x20 obj/kern/libdwarf_frame.o
                0x00000080042215e0                debug_frame_sec
 .data          0x0000008004221600        0x0 obj/kern/libdwarf_lineno.o
 .data          0x0000008004221600       0xa0 obj/kern/elf_rw.o
                0x0000008004221600                section_info
                0x00000080042216a0                PROVIDE (edata = .)

.got            0x00000080042216a0        0x0 load address 0x00000000002216a0
 .got           0x00000080042216a0        0x0 obj/kern/bootstrap.o

.got.plt        0x00000080042216a0        0x0 load address 0x00000000002216a0
 .got.plt       0x00000080042216a0        0x0 obj/kern/bootstrap.o

.igot.plt       0x00000080042216a0        0x0 load address 0x00000000002216a0
 .igot.plt      0x00000080042216a0        0x0 obj/kern/bootstrap.o

.bss            0x00000080042216a0     0x16e0 load address 0x00000000002216a0
 *(EXCLUDE_FILE(obj/kern/bootstrap.o) .bss)
 .bss           0x00000080042216a0        0x0 obj/kern/entry.o
 .bss           0x00000080042216a0        0x0 obj/kern/init.o
 .bss           0x00000080042216a0      0x22c obj/kern/console.o
 .bss           0x00000080042218cc        0x0 obj/kern/monitor.o
 *fill*         0x00000080042218cc        0x4 
 .bss           0x00000080042218d0       0x18 obj/kern/pmap.o
 .bss           0x00000080042218e8        0x0 obj/kern/kclock.o
 .bss           0x00000080042218e8        0x0 obj/kern/printf.o
 .bss           0x00000080042218e8        0x0 obj/kern/syscall.o
 .bss           0x00000080042218e8        0x8 obj/kern/kdebug.o
 .bss           0x00000080042218f0        0x0 obj/kern/printfmt.o
 *fill*         0x00000080042218f0       0x10 
 .bss           0x0000008004221900      0x400 obj/kern/readline.o
 .bss           0x0000008004221d00        0x0 obj/kern/string.o
 .bss           0x0000008004221d00        0x0 obj/kern/libdwarf_rw.o
 .bss           0x0000008004221d00       0x68 obj/kern/libdwarf_frame.o
                0x0000008004221d00                global_rt_table
                0x0000008004221d40                global_rt_table_shadow
 .bss           0x0000008004221d68        0x0 obj/kern/libdwarf_lineno.o
 .bss           0x0000008004221d68        0x0 obj/kern/elf_rw.o
 COMMON         0x0000008004221d68       0x10 obj/kern/init.o
                0x0000008004221d68                end_debug
                0x0000008004221d70                panicstr
 COMMON         0x0000008004221d78       0x20 obj/kern/pmap.o
                0x0000008004221d78                boot_cr3
                0x0000008004221d80                boot_pml4e
                0x0000008004221d88                npages
                0x0000008004221d90                pages
 *fill*         0x0000008004221d98        0x8 
 COMMON         0x0000008004221da0      0x160 obj/kern/kdebug.o
                0x0000008004221da0                mydebug
                0x0000008004221e00                _cie
                0x0000008004221e80                _fde
 COMMON         0x0000008004221f00      0xc70 obj/kern/libdwarf_frame.o
                0x0000008004221f00                global_rules_shadow
                0x0000008004222540                global_rules
 *fill*         0x0000008004222b70       0x10 
 COMMON         0x0000008004222b80      0x200 obj/kern/libdwarf_lineno.o
                0x0000008004222b80                global_std_op
                0x0000008004222d80                PROVIDE (end = .)

.debug
 *(.debug)

.line
 *(.line)

.debug_srcinfo
 *(.debug_srcinfo)

.debug_sfnames
 *(.debug_sfnames)

.debug_aranges  0x0000000000000000      0x330
 *(.debug_aranges)
 .debug_aranges
                0x0000000000000000       0x30 obj/kern/bootstrap.o
 .debug_aranges
                0x0000000000000030       0x30 obj/kern/entry.o
 .debug_aranges
                0x0000000000000060       0x30 obj/kern/init.o
 .debug_aranges
                0x0000000000000090       0x30 obj/kern/console.o
 .debug_aranges
                0x00000000000000c0       0x30 obj/kern/monitor.o
 .debug_aranges
                0x00000000000000f0       0x30 obj/kern/pmap.o
 .debug_aranges
                0x0000000000000120       0x30 obj/kern/kclock.o
 .debug_aranges
                0x0000000000000150       0x30 obj/kern/printf.o
 .debug_aranges
                0x0000000000000180       0x30 obj/kern/syscall.o
 .debug_aranges
                0x00000000000001b0       0x30 obj/kern/kdebug.o
 .debug_aranges
                0x00000000000001e0       0x30 obj/kern/printfmt.o
 .debug_aranges
                0x0000000000000210       0x30 obj/kern/readline.o
 .debug_aranges
                0x0000000000000240       0x30 obj/kern/string.o
 .debug_aranges
                0x0000000000000270       0x30 obj/kern/libdwarf_rw.o
 .debug_aranges
                0x00000000000002a0       0x30 obj/kern/libdwarf_frame.o
 .debug_aranges
                0x00000000000002d0       0x30 obj/kern/libdwarf_lineno.o
 .debug_aranges
                0x0000000000000300       0x30 obj/kern/elf_rw.o

.debug_pubnames
 *(.debug_pubnames)

.debug_info     0x0000000000000000     0xf154
 *(.debug_info .gnu.linkonce.wi.*)
 .debug_info    0x0000000000000000       0x2e obj/kern/bootstrap.o
 .debug_info    0x000000000000002e       0x2e obj/kern/entry.o
 .debug_info    0x000000000000005c      0x4b1 obj/kern/init.o
 .debug_info    0x000000000000050d      0xee8 obj/kern/console.o
 .debug_info    0x00000000000013f5      0x94b obj/kern/monitor.o
 .debug_info    0x0000000000001d40     0x4905 obj/kern/pmap.o
 .debug_info    0x0000000000006645      0x1f3 obj/kern/kclock.o
 .debug_info    0x0000000000006838      0x276 obj/kern/printf.o
 .debug_info    0x0000000000006aae      0x19c obj/kern/syscall.o
 .debug_info    0x0000000000006c4a     0x154e obj/kern/kdebug.o
 .debug_info    0x0000000000008198      0x9b5 obj/kern/printfmt.o
 .debug_info    0x0000000000008b4d      0x1cc obj/kern/readline.o
 .debug_info    0x0000000000008d19      0x766 obj/kern/string.o
 .debug_info    0x000000000000947f     0x1fdc obj/kern/libdwarf_rw.o
 .debug_info    0x000000000000b45b     0x1cee obj/kern/libdwarf_frame.o
 .debug_info    0x000000000000d149     0x12a2 obj/kern/libdwarf_lineno.o
 .debug_info    0x000000000000e3eb      0xd69 obj/kern/elf_rw.o

.debug_abbrev   0x0000000000000000     0x1eac
 *(.debug_abbrev)
 .debug_abbrev  0x0000000000000000       0x14 obj/kern/bootstrap.o
 .debug_abbrev  0x0000000000000014       0x14 obj/kern/entry.o
 .debug_abbrev  0x0000000000000028      0x176 obj/kern/init.o
 .debug_abbrev  0x000000000000019e      0x2ee obj/kern/console.o
 .debug_abbrev  0x000000000000048c      0x217 obj/kern/monitor.o
 .debug_abbrev  0x00000000000006a3      0x36a obj/kern/pmap.o
 .debug_abbrev  0x0000000000000a0d      0x102 obj/kern/kclock.o
 .debug_abbrev  0x0000000000000b0f      0x107 obj/kern/printf.o
 .debug_abbrev  0x0000000000000c16       0xb4 obj/kern/syscall.o
 .debug_abbrev  0x0000000000000cca      0x2e1 obj/kern/kdebug.o
 .debug_abbrev  0x0000000000000fab      0x28e obj/kern/printfmt.o
 .debug_abbrev  0x0000000000001239       0xe5 obj/kern/readline.o
 .debug_abbrev  0x000000000000131e      0x17e obj/kern/string.o
 .debug_abbrev  0x000000000000149c      0x277 obj/kern/libdwarf_rw.o
 .debug_abbrev  0x0000000000001713      0x2d4 obj/kern/libdwarf_frame.o
 .debug_abbrev  0x00000000000019e7      0x2a6 obj/kern/libdwarf_lineno.o
 .debug_abbrev  0x0000000000001c8d      0x21f obj/kern/elf_rw.o

.debug_line     0x0000000000000000     0x2836
 *(.debug_line)
 .debug_line    0x0000000000000000       0x99 obj/kern/bootstrap.o
 .debug_line    0x0000000000000099       0x51 obj/kern/entry.o
 .debug_line    0x00000000000000ea      0x108 obj/kern/init.o
 .debug_line    0x00000000000001f2      0x29f obj/kern/console.o
 .debug_line    0x0000000000000491      0x176 obj/kern/monitor.o
 .debug_line    0x0000000000000607      0xc6e obj/kern/pmap.o
 .debug_line    0x0000000000001275       0x86 obj/kern/kclock.o
 .debug_line    0x00000000000012fb       0x87 obj/kern/printf.o
 .debug_line    0x0000000000001382       0x6a obj/kern/syscall.o
 .debug_line    0x00000000000013ec      0x1d1 obj/kern/kdebug.o
 .debug_line    0x00000000000015bd      0x1d0 obj/kern/printfmt.o
 .debug_line    0x000000000000178d       0x8f obj/kern/readline.o
 .debug_line    0x000000000000181c      0x1ec obj/kern/string.o
 .debug_line    0x0000000000001a08      0x48c obj/kern/libdwarf_rw.o
 .debug_line    0x0000000000001e94      0x531 obj/kern/libdwarf_frame.o
 .debug_line    0x00000000000023c5      0x22c obj/kern/libdwarf_lineno.o
 .debug_line    0x00000000000025f1      0x245 obj/kern/elf_rw.o

.debug_frame
 *(.debug_frame)

.debug_str      0x0000000000000000     0x1e03
 *(.debug_str)
 .debug_str     0x0000000000000000       0x2e obj/kern/bootstrap.o
 .debug_str     0x000000000000002e        0xd obj/kern/entry.o
                                         0x2a (size before relaxing)
 .debug_str     0x000000000000003b      0x239 obj/kern/init.o
                                        0x2b2 (size before relaxing)
 .debug_str     0x0000000000000274      0x15e obj/kern/console.o
                                        0x2cc (size before relaxing)
 .debug_str     0x00000000000003d2      0x18e obj/kern/monitor.o
                                        0x34b (size before relaxing)
 .debug_str     0x0000000000000560      0x48e obj/kern/pmap.o
                                        0x6c8 (size before relaxing)
 .debug_str     0x00000000000009ee       0x23 obj/kern/kclock.o
                                        0x17f (size before relaxing)
 .debug_str     0x0000000000000a11       0x18 obj/kern/printf.o
                                        0x1e2 (size before relaxing)
 .debug_str     0x0000000000000a29       0xa2 obj/kern/syscall.o
                                        0x203 (size before relaxing)
 .debug_str     0x0000000000000acb      0x9f2 obj/kern/kdebug.o
                                        0xd5b (size before relaxing)
 .debug_str     0x00000000000014bd       0x97 obj/kern/printfmt.o
                                        0x312 (size before relaxing)
 .debug_str     0x0000000000001554       0x1e obj/kern/readline.o
                                        0x133 (size before relaxing)
 .debug_str     0x0000000000001572       0x6b obj/kern/string.o
                                        0x20d (size before relaxing)
 .debug_str     0x00000000000015dd      0x270 obj/kern/libdwarf_rw.o
                                        0xc5c (size before relaxing)
 .debug_str     0x000000000000184d      0x27a obj/kern/libdwarf_frame.o
                                        0xbf2 (size before relaxing)
 .debug_str     0x0000000000001ac7      0x1ae obj/kern/libdwarf_lineno.o
                                        0xc2f (size before relaxing)
 .debug_str     0x0000000000001c75      0x18e obj/kern/elf_rw.o
                                        0x4b5 (size before relaxing)

.debug_loc      0x0000000000000000    0x12b1e
 *(.debug_loc)
 .debug_loc     0x0000000000000000      0x329 obj/kern/init.o
 .debug_loc     0x0000000000000329     0x14aa obj/kern/console.o
 .debug_loc     0x00000000000017d3      0x972 obj/kern/monitor.o
 .debug_loc     0x0000000000002145     0x46f5 obj/kern/pmap.o
 .debug_loc     0x000000000000683a      0x1dc obj/kern/kclock.o
 .debug_loc     0x0000000000006a16      0x2be obj/kern/printf.o
 .debug_loc     0x0000000000006cd4      0x196 obj/kern/syscall.o
 .debug_loc     0x0000000000006e6a      0xa4a obj/kern/kdebug.o
 .debug_loc     0x00000000000078b4      0xd3c obj/kern/printfmt.o
 .debug_loc     0x00000000000085f0      0x23b obj/kern/readline.o
 .debug_loc     0x000000000000882b     0x1996 obj/kern/string.o
 .debug_loc     0x000000000000a1c1     0x341b obj/kern/libdwarf_rw.o
 .debug_loc     0x000000000000d5dc     0x2da1 obj/kern/libdwarf_frame.o
 .debug_loc     0x000000000001037d     0x13e7 obj/kern/libdwarf_lineno.o
 .debug_loc     0x0000000000011764     0x13ba obj/kern/elf_rw.o

.comment        0x0000000000000000       0x29
 .comment       0x0000000000000000       0x29 obj/kern/init.o
                                         0x2a (size before relaxing)
 .comment       0x0000000000000029       0x2a obj/kern/console.o
 .comment       0x0000000000000029       0x2a obj/kern/monitor.o
 .comment       0x0000000000000029       0x2a obj/kern/pmap.o
 .comment       0x0000000000000029       0x2a obj/kern/kclock.o
 .comment       0x0000000000000029       0x2a obj/kern/printf.o
 .comment       0x0000000000000029       0x2a obj/kern/syscall.o
 .comment       0x0000000000000029       0x2a obj/kern/kdebug.o
 .comment       0x0000000000000029       0x2a obj/kern/printfmt.o
 .comment       0x0000000000000029       0x2a obj/kern/readline.o
 .comment       0x0000000000000029       0x2a obj/kern/string.o
 .comment       0x0000000000000029       0x2a obj/kern/libdwarf_rw.o
 .comment       0x0000000000000029       0x2a obj/kern/libdwarf_frame.o
 .comment       0x0000000000000029       0x2a obj/kern/libdwarf_lineno.o
 .comment       0x0000000000000029       0x2a obj/kern/elf_rw.o

.debug_macinfo
 *(.debug_macinfo)

.debug_weaknames
 *(.debug_weaknames)

.debug_funcnames
 *(.debug_funcnames)

.debug_typenames
 *(.debug_typenames)

.debug_varnames
 *(.debug_varnames)

/DISCARD/
 *(.note.GNU-stack)
LOAD obj/kern/entry.o
LOAD obj/kern/bootstrap.o
LOAD obj/kern/init.o
LOAD obj/kern/console.o
LOAD obj/kern/monitor.o
LOAD obj/kern/pmap.o
LOAD obj/kern/kclock.o
LOAD obj/kern/printf.o
LOAD obj/kern/syscall.o
LOAD obj/kern/kdebug.o
LOAD obj/kern/printfmt.o
LOAD obj/kern/readline.o
LOAD obj/kern/string.o
LOAD obj/kern/libdwarf_rw.o
LOAD obj/kern/libdwarf_frame.o
LOAD obj/kern/libdwarf_lineno.o
LOAD obj/kern/elf_rw.o
LOAD /usr/lib/gcc/x86_64-linux-gnu/7/libgcc.a
TARGET(binary)
OUTPUT(obj/kern/kernel elf64-x86-64)

.debug_ranges   0x0000000000000000       0x30
 .debug_ranges  0x0000000000000000       0x30 obj/kern/string.o
