
Allocating common symbols
Common symbol       size              file

global_rules_shadow
                    0x630             obj/kern/libdwarf_frame.o
ismp                0x4               obj/kern/mpconfig.o
lapicaddr           0x8               obj/kern/lapic.o
ts                  0x68              obj/kern/trap.o
end_debug           0x8               obj/kern/init.o
mydebug             0x60              obj/kern/kdebug.o
panicstr            0x8               obj/kern/init.o
boot_cr3            0x8               obj/kern/pmap.o
mpentry_kstack      0x8               obj/kern/init.o
cpus                0x3c0             obj/kern/mpconfig.o
global_std_op       0x200             obj/kern/libdwarf_lineno.o
lapic               0x8               obj/kern/lapic.o
bootcpu             0x8               obj/kern/mpconfig.o
_cie                0x78              obj/kern/kdebug.o
global_rules        0x630             obj/kern/libdwarf_frame.o
boot_pml4e          0x8               obj/kern/pmap.o
ncpu                0x4               obj/kern/mpconfig.o
_fde                0x80              obj/kern/kdebug.o
npages              0x8               obj/kern/pmap.o
pages               0x8               obj/kern/pmap.o
percpu_kstacks      0x80000           obj/kern/mpconfig.o

Discarded input sections

 .note.GNU-stack
                0x0000000000000000        0x0 obj/kern/init.o
 .note.GNU-stack
                0x0000000000000000        0x0 obj/kern/console.o
 .note.GNU-stack
                0x0000000000000000        0x0 obj/kern/monitor.o
 .note.GNU-stack
                0x0000000000000000        0x0 obj/kern/pmap.o
 .note.GNU-stack
                0x0000000000000000        0x0 obj/kern/env.o
 .note.GNU-stack
                0x0000000000000000        0x0 obj/kern/kclock.o
 .note.GNU-stack
                0x0000000000000000        0x0 obj/kern/picirq.o
 .note.GNU-stack
                0x0000000000000000        0x0 obj/kern/printf.o
 .note.GNU-stack
                0x0000000000000000        0x0 obj/kern/trap.o
 .note.GNU-stack
                0x0000000000000000        0x0 obj/kern/sched.o
 .note.GNU-stack
                0x0000000000000000        0x0 obj/kern/syscall.o
 .note.GNU-stack
                0x0000000000000000        0x0 obj/kern/kdebug.o
 .note.GNU-stack
                0x0000000000000000        0x0 obj/kern/printfmt.o
 .note.GNU-stack
                0x0000000000000000        0x0 obj/kern/readline.o
 .note.GNU-stack
                0x0000000000000000        0x0 obj/kern/string.o
 .note.GNU-stack
                0x0000000000000000        0x0 obj/kern/libdwarf_rw.o
 .note.GNU-stack
                0x0000000000000000        0x0 obj/kern/libdwarf_frame.o
 .note.GNU-stack
                0x0000000000000000        0x0 obj/kern/libdwarf_lineno.o
 .note.GNU-stack
                0x0000000000000000        0x0 obj/kern/elf_rw.o
 .note.GNU-stack
                0x0000000000000000        0x0 obj/kern/mpconfig.o
 .note.GNU-stack
                0x0000000000000000        0x0 obj/kern/lapic.o
 .note.GNU-stack
                0x0000000000000000        0x0 obj/kern/spinlock.o

Memory Configuration

Name             Origin             Length             Attributes
*default*        0x0000000000000000 0xffffffffffffffff

Linker script and memory map

                0x0000000000100000                . = 0x100000

.bootstrap      0x0000000000100000     0x7004
 obj/kern/bootstrap.o(.text .data .bss)
 .text          0x0000000000100000      0x115 obj/kern/bootstrap.o
                0x0000000000100000                _head64
                0x00000000001000e5                jumpto_longmode
 *fill*         0x0000000000100115      0xeeb 
 .data          0x0000000000101000     0x6004 obj/kern/bootstrap.o
                0x0000000000102000                pml4phys
                0x0000000000107000                multiboot_info
 .bss           0x0000000000107004        0x0 obj/kern/bootstrap.o
                0x0000008004200000                . = 0x8004200000

.text           0x0000008004200000    0x16d57 load address 0x0000000000200000
 *(EXCLUDE_FILE(obj/kern/bootstrap.o) .text .stub .text.* .gnu.linkonce.t.*)
 .text          0x0000008004200000       0x58 obj/kern/entry.o
                0x000000800420000c                entry
                0x000000000020000c                _start
 .text          0x0000008004200058      0x695 obj/kern/init.o
                0x000000800420009a                i386_init
                0x00000080042003fa                mp_main
                0x00000080042004c1                _panic
                0x00000080042005ff                _warn
 .text          0x00000080042006ed      0xb69 obj/kern/console.o
                0x000000800420077e                serial_intr
                0x0000008004200fd7                kbd_intr
                0x00000080042010b4                cons_getc
                0x00000080042011a9                cons_init
                0x0000008004201203                cputchar
                0x0000008004201222                getchar
                0x0000008004201244                iscons
 .text          0x0000008004201256      0x6d4 obj/kern/monitor.o
                0x0000008004201256                mon_help
                0x00000080042012f0                mon_kerninfo
                0x0000008004201484                mon_backtrace
                0x0000008004201889                monitor
 .text          0x000000800420192a     0x588e obj/kern/pmap.o
                0x000000800420244d                x64_vm_init
                0x00000080042029e0                page_init
                0x0000008004202cdb                page_alloc
                0x0000008004202de5                page_free
                0x0000008004202e5c                page_decref
                0x0000008004202e9e                pml4e_walk
                0x00000080042030f7                pdpe_walk
                0x0000008004203350                pgdir_walk
                0x00000080042035a2                page_insert
                0x00000080042036e6                page_lookup
                0x0000008004203764                page_remove
                0x00000080042037d8                tlb_invalidate
                0x00000080042038aa                mmio_map_region
                0x00000080042039f1                user_mem_check
                0x0000008004203b15                user_mem_assert
 .text          0x00000080042071b8     0x12c6 obj/kern/env.o
                0x000000800420731e                envid2env
                0x000000800420748b                env_init
                0x0000008004207594                env_init_percpu
                0x0000008004207705                env_alloc
                0x0000008004207994                load_icode
                0x0000008004207b5f                env_create
                0x0000008004207c08                env_free
                0x00000080042080b7                env_destroy
                0x00000080042081a9                env_pop_tf
                0x0000008004208286                env_run
 .text          0x000000800420847e       0x7d obj/kern/kclock.o
                0x000000800420847e                mc146818_read
                0x00000080042084ba                mc146818_write
 .text          0x00000080042084fb      0x246 obj/kern/picirq.o
                0x00000080042084fb                pic_init
                0x000000800420864e                irq_setmask_8259A
 .text          0x0000008004208741      0x166 obj/kern/printf.o
                0x0000008004208770                vcprintf
                0x00000080042087cf                cprintf
 .text          0x00000080042088a7     0x401c obj/kern/trap.o
                0x0000008004208948                trap_init
                0x000000800420b0f9                trap_init_percpu
                0x000000800420b7f0                print_trapframe
                0x000000800420bb02                print_regs
                0x000000800420bf47                trap
                0x000000800420c390                page_fault_handler
 *fill*         0x000000800420c8c3        0x1 
 .text          0x000000800420c8c4      0x1d2 obj/kern/trapentry.o
                0x000000800420c8c4                XTRAPX_DIVIDE
                0x000000800420c8ce                XTRAPX_DEBUG
                0x000000800420c8d8                XTRAPX_NMI
                0x000000800420c8e2                XTRAPX_BRKPT
                0x000000800420c8ec                XTRAPX_OFLOW
                0x000000800420c8f6                XTRAPX_BOUND
                0x000000800420c900                XTRAPX_ILLOP
                0x000000800420c90a                XTRAPX_DEVICE
                0x000000800420c914                XTRAPX_DBLFLT
                0x000000800420c91c                XTRAPX_TSS
                0x000000800420c924                XTRAPX_SEGNP
                0x000000800420c92c                XTRAPX_STACK
                0x000000800420c934                XTRAPX_GPFLT
                0x000000800420c93c                XTRAPX_PGFLT
                0x000000800420c944                XTRAPX_FPERR
                0x000000800420c94e                XTRAPX_ALIGN
                0x000000800420c952                XTRAPX_MCHK
                0x000000800420c958                XTRAPX_SIMDERR
                0x000000800420c95e                XTRAPX_SYSCALL
                0x000000800420c964                XTRAPX_DEFAULT
                0x000000800420c96e                XTRAPX_IRQ00
                0x000000800420c974                XTRAPX_IRQ01
                0x000000800420c97a                XTRAPX_IRQ02
                0x000000800420c980                XTRAPX_IRQ03
                0x000000800420c986                XTRAPX_IRQ04
                0x000000800420c98c                XTRAPX_IRQ05
                0x000000800420c992                XTRAPX_IRQ06
                0x000000800420c998                XTRAPX_IRQ07
                0x000000800420c99e                XTRAPX_IRQ08
                0x000000800420c9a4                XTRAPX_IRQ09
                0x000000800420c9aa                XTRAPX_IRQ10
                0x000000800420c9b0                XTRAPX_IRQ11
                0x000000800420c9b6                XTRAPX_IRQ12
                0x000000800420c9bc                XTRAPX_IRQ13
                0x000000800420c9c2                XTRAPX_IRQ14
                0x000000800420c9c8                XTRAPX_IRQ15
 .text          0x000000800420ca96      0x453 obj/kern/sched.o
                0x000000800420cada                sched_yield
                0x000000800420ccc9                sched_halt
 .text          0x000000800420cee9      0xe2d obj/kern/syscall.o
                0x000000800420db1d                syscall
 .text          0x000000800420dd16      0xbdb obj/kern/kdebug.o
                0x000000800420dd16                list_func_die
                0x000000800420e43d                debuginfo_rip
 .text          0x000000800420e8f1      0xa4c obj/kern/printfmt.o
                0x000000800420ebb7                vprintfmt
                0x000000800420f0bd                printfmt
                0x000000800420f1bf                vsnprintf
                0x000000800420f25c                snprintf
 .text          0x000000800420f33d      0x159 obj/kern/readline.o
                0x000000800420f33d                readline
 .text          0x000000800420f496      0x7c6 obj/kern/string.o
                0x000000800420f496                strlen
                0x000000800420f4c4                strnlen
                0x000000800420f502                strcpy
                0x000000800420f545                strcat
                0x000000800420f594                strncpy
                0x000000800420f5f4                strlcpy
                0x000000800420f664                strcmp
                0x000000800420f6b7                strncmp
                0x000000800420f728                strchr
                0x000000800420f764                strfind
                0x000000800420f79c                memset
                0x000000800420f827                memmove
                0x000000800420f93e                memcpy
                0x000000800420f972                memcmp
                0x000000800420f9e6                memfind
                0x000000800420fa30                strtol
                0x000000800420fbc1                strstr
 .text          0x000000800420fc5c     0x1e8c obj/kern/libdwarf_rw.o
                0x000000800420fc5c                _dwarf_read_lsb
                0x000000800420fd88                _dwarf_decode_lsb
                0x000000800420fea9                _dwarf_read_msb
                0x000000800421005b                _dwarf_decode_msb
                0x000000800421020a                _dwarf_read_sleb128
                0x00000080042102ae                _dwarf_read_uleb128
                0x000000800421032d                _dwarf_decode_sleb128
                0x00000080042103bf                _dwarf_decode_uleb128
                0x000000800421042c                _dwarf_read_string
                0x00000080042104bb                _dwarf_read_block
                0x0000008004210504                _dwarf_elf_get_byte_order
                0x0000008004210572                _dwarf_elf_get_pointer_size
                0x00000080042105dc                _dwarf_init
                0x00000080042106b8                _get_next_cu
                0x0000008004210859                print_cu
                0x0000008004210891                _dwarf_abbrev_parse
                0x0000008004210b14                _dwarf_abbrev_find
                0x0000008004210c1e                _dwarf_attr_init
                0x00000080042112b8                dwarf_search_die_within_cu
                0x0000008004211594                dwarf_offdie
                0x0000008004211676                _dwarf_attr_find
                0x0000008004211709                dwarf_siblingof
                0x000000800421190b                dwarf_child
                0x0000008004211a8b                _dwarf_find_section_enhanced
 .text          0x0000008004211ae8     0x25f3 obj/kern/libdwarf_frame.o
                0x0000008004211ae8                _dwarf_frame_params_init
                0x0000008004211b29                dwarf_get_fde_at_pc
                0x0000008004211bf9                _dwarf_frame_regtable_copy
                0x0000008004212bbc                _dwarf_frame_get_internal_table
                0x0000008004212e28                dwarf_get_fde_info_for_all_regs
                0x0000008004213d44                _dwarf_frame_interal_table_init
                0x0000008004214003                dwarf_set_frame_cfa_value
                0x0000008004214033                dwarf_init_eh_section
 .text          0x00000080042140db      0xcdb obj/kern/libdwarf_lineno.o
                0x00000080042146ca                _dwarf_lineno_init
                0x0000008004214c3b                dwarf_srclines
 .text          0x0000008004214db6      0xd30 obj/kern/elf_rw.o
                0x0000008004214db6                _dwarf_find_section
                0x0000008004214e36                find_debug_sections
                0x0000008004215100                read_section_headers
                0x0000008004215859                readseg
                0x00000080042159be                waitdisk
                0x00000080042159eb                readsect
 *fill*         0x0000008004215ae6        0x2 
 .text          0x0000008004215ae8       0xe7 obj/kern/mpentry.o
                0x0000008004215ae8                mpentry_start
                0x0000008004215bce                mpentry_end
 .text          0x0000008004215bcf      0x88f obj/kern/mpconfig.o
                0x00000080042160a7                mp_init
 .text          0x000000800421645e      0x480 obj/kern/lapic.o
                0x00000080042164a1                lapic_init
                0x000000800421669e                cpunum
                0x00000080042166d3                lapic_eoi
                0x0000008004216710                lapic_startap
                0x0000008004216896                lapic_ipi
 .text          0x00000080042168de      0x479 obj/kern/spinlock.o
                0x00000080042169fd                __spin_initlock
                0x0000008004216a32                spin_lock
                0x0000008004216b09                spin_unlock
                0x0000008004216d57                PROVIDE (etext = .)

.iplt           0x0000008004216d58        0x0 load address 0x0000000000216d58
 .iplt          0x0000008004216d58        0x0 obj/kern/bootstrap.o

.rodata         0x0000008004216d60     0x2b21 load address 0x0000000000216d60
 *(EXCLUDE_FILE(obj/kern/bootstrap.o) .rodata .rodata.* .gnu.linkonce.r.*)
 .rodata        0x0000008004216d60       0xce obj/kern/init.o
 .rodata        0x0000008004216e2e       0x29 obj/kern/console.o
 *fill*         0x0000008004216e57        0x1 
 .rodata        0x0000008004216e58      0x281 obj/kern/monitor.o
 *fill*         0x00000080042170d9        0x7 
 .rodata        0x00000080042170e0      0xdf4 obj/kern/pmap.o
 *fill*         0x0000008004217ed4        0x4 
 .rodata        0x0000008004217ed8       0xe2 obj/kern/env.o
 .rodata        0x0000008004217fba       0x1a obj/kern/picirq.o
 *fill*         0x0000008004217fd4        0xc 
 .rodata        0x0000008004217fe0      0x680 obj/kern/trap.o
 .rodata        0x0000008004218660       0x61 obj/kern/sched.o
 *fill*         0x00000080042186c1        0x7 
 .rodata        0x00000080042186c8       0xa8 obj/kern/syscall.o
 *fill*         0x0000008004218770       0x10 
 .rodata        0x0000008004218780      0x378 obj/kern/kdebug.o
 *fill*         0x0000008004218af8        0x8 
 .rodata        0x0000008004218b00      0x4c8 obj/kern/printfmt.o
 .rodata        0x0000008004218fc8       0x13 obj/kern/readline.o
 *fill*         0x0000008004218fdb        0x5 
 .rodata        0x0000008004218fe0      0x1ab obj/kern/libdwarf_rw.o
 *fill*         0x000000800421918b        0x5 
 .rodata        0x0000008004219190      0x1d8 obj/kern/libdwarf_frame.o
 .rodata        0x0000008004219368       0xc3 obj/kern/libdwarf_lineno.o
 .rodata        0x000000800421942b       0xa4 obj/kern/elf_rw.o
 *fill*         0x00000080042194cf        0x1 
 .rodata        0x00000080042194d0      0x289 obj/kern/mpconfig.o
 *fill*         0x0000008004219759        0x7 
 .rodata        0x0000008004219760       0x30 obj/kern/lapic.o
 .rodata        0x0000008004219790       0xf1 obj/kern/spinlock.o

.eh_frame       0x0000008004219888     0x1a9c load address 0x0000000000219888
 .eh_frame      0x0000008004219888       0xf0 obj/kern/init.o
 .eh_frame      0x0000008004219978      0x240 obj/kern/console.o
                                        0x258 (size before relaxing)
 .eh_frame      0x0000008004219bb8       0xa0 obj/kern/monitor.o
                                         0xb8 (size before relaxing)
 .eh_frame      0x0000008004219c58      0x410 obj/kern/pmap.o
                                        0x428 (size before relaxing)
 .eh_frame      0x000000800421a068      0x228 obj/kern/env.o
                                        0x240 (size before relaxing)
 .eh_frame      0x000000800421a290       0x40 obj/kern/kclock.o
                                         0x58 (size before relaxing)
 .eh_frame      0x000000800421a2d0       0x40 obj/kern/picirq.o
                                         0x58 (size before relaxing)
 .eh_frame      0x000000800421a310       0x60 obj/kern/printf.o
                                         0x78 (size before relaxing)
 .eh_frame      0x000000800421a370      0x150 obj/kern/trap.o
                                        0x168 (size before relaxing)
 .eh_frame      0x000000800421a4c0       0x80 obj/kern/sched.o
                                         0x98 (size before relaxing)
 .eh_frame      0x000000800421a540      0x1f8 obj/kern/syscall.o
                                        0x210 (size before relaxing)
 .eh_frame      0x000000800421a738       0x40 obj/kern/kdebug.o
                                         0x58 (size before relaxing)
 .eh_frame      0x000000800421a778      0x110 obj/kern/printfmt.o
                                        0x128 (size before relaxing)
 .eh_frame      0x000000800421a888       0x20 obj/kern/readline.o
                                         0x38 (size before relaxing)
 .eh_frame      0x000000800421a8a8      0x220 obj/kern/string.o
                                        0x238 (size before relaxing)
 .eh_frame      0x000000800421aac8      0x300 obj/kern/libdwarf_rw.o
                                        0x318 (size before relaxing)
 .eh_frame      0x000000800421adc8      0x1c8 obj/kern/libdwarf_frame.o
                                        0x1e0 (size before relaxing)
 .eh_frame      0x000000800421af90       0x80 obj/kern/libdwarf_lineno.o
                                         0x98 (size before relaxing)
 .eh_frame      0x000000800421b010       0xc0 obj/kern/elf_rw.o
                                         0xd8 (size before relaxing)
 .eh_frame      0x000000800421b0d0       0xa0 obj/kern/mpconfig.o
                                         0xb8 (size before relaxing)
 .eh_frame      0x000000800421b170       0xe0 obj/kern/lapic.o
                                         0xf8 (size before relaxing)
 .eh_frame      0x000000800421b250       0xd4 obj/kern/spinlock.o
                                         0xf0 (size before relaxing)

.rela.dyn       0x000000800421b328        0x0 load address 0x000000000021b328
 .rela.got      0x000000800421b328        0x0 obj/kern/bootstrap.o
 .rela.iplt     0x000000800421b328        0x0 obj/kern/bootstrap.o
 .rela.text     0x000000800421b328        0x0 obj/kern/bootstrap.o
 .rela.data     0x000000800421b328        0x0 obj/kern/bootstrap.o
                0x000000800421c000                . = ALIGN (0x1000)

.data           0x000000800421c000   0x437828 load address 0x000000000021c000
 *(EXCLUDE_FILE(obj/kern/bootstrap.o) .data)
 .data          0x000000800421c000    0x10042 obj/kern/entry.o
                0x000000800421c000                bootstack
                0x000000800422c000                kernel_64
                0x000000800422c000                bootstacktop
                0x000000800422c038                gdtdesc_64
 .data          0x000000800422c042        0x0 obj/kern/init.o
 *fill*         0x000000800422c042       0x1e 
 .data          0x000000800422c060      0x520 obj/kern/console.o
 .data          0x000000800422c580       0x30 obj/kern/monitor.o
 .data          0x000000800422c5b0        0x8 obj/kern/pmap.o
 *fill*         0x000000800422c5b8        0x8 
 .data          0x000000800422c5c0       0xb2 obj/kern/env.o
                0x000000800422c5c0                gdt
                0x000000800422c668                gdt_pd
 .data          0x000000800422c672        0x0 obj/kern/kclock.o
 .data          0x000000800422c672        0x2 obj/kern/picirq.o
                0x000000800422c672                irq_mask_8259A
 .data          0x000000800422c674        0x0 obj/kern/printf.o
 .data          0x000000800422c674        0x0 obj/kern/trap.o
 .data          0x000000800422c674        0x0 obj/kern/trapentry.o
 .data          0x000000800422c674        0x0 obj/kern/sched.o
 .data          0x000000800422c674        0x0 obj/kern/syscall.o
 *fill*         0x000000800422c674        0x4 
 .data          0x000000800422c678       0x18 obj/kern/kdebug.o
                0x000000800422c678                fde
                0x000000800422c680                cie
                0x000000800422c688                dbg
 .data          0x000000800422c690        0x0 obj/kern/printfmt.o
 .data          0x000000800422c690        0x0 obj/kern/readline.o
 .data          0x000000800422c690        0x0 obj/kern/string.o
 .data          0x000000800422c690        0x0 obj/kern/libdwarf_rw.o
 *fill*         0x000000800422c690       0x10 
 .data          0x000000800422c6a0       0x20 obj/kern/libdwarf_frame.o
                0x000000800422c6a0                debug_frame_sec
 .data          0x000000800422c6c0        0x0 obj/kern/libdwarf_lineno.o
 .data          0x000000800422c6c0       0xa0 obj/kern/elf_rw.o
                0x000000800422c6c0                section_info
 .data          0x000000800422c760        0x0 obj/kern/mpentry.o
 .data          0x000000800422c760        0x0 obj/kern/mpconfig.o
 .data          0x000000800422c760        0x0 obj/kern/lapic.o
 .data          0x000000800422c760       0x68 obj/kern/spinlock.o
                0x000000800422c760                kernel_lock
 .data          0x000000800422c7c8    0x1d9a8 obj/user/hello
                0x000000800422c7c8                _binary_obj_user_hello_start
                0x000000800424a170                _binary_obj_user_hello_end
 .data          0x000000800424a170    0x1d8f0 obj/user/idle
                0x000000800424a170                _binary_obj_user_idle_start
                0x0000008004267a60                _binary_obj_user_idle_end
 .data          0x0000008004267a60    0x1da98 obj/user/yield
                0x0000008004267a60                _binary_obj_user_yield_start
                0x00000080042854f8                _binary_obj_user_yield_end
 .data          0x00000080042854f8    0x1e538 obj/user/dumbfork
                0x00000080042854f8                _binary_obj_user_dumbfork_start
                0x00000080042a3a30                _binary_obj_user_dumbfork_end
 .data          0x00000080042a3a30    0x217b8 obj/user/stresssched
                0x00000080042a3a30                _binary_obj_user_stresssched_start
                0x00000080042c51e8                _binary_obj_user_stresssched_end
 .data          0x00000080042c51e8    0x1ea38 obj/user/faultdie
                0x00000080042c51e8                _binary_obj_user_faultdie_start
                0x00000080042e3c20                _binary_obj_user_faultdie_end
 .data          0x00000080042e3c20    0x20980 obj/user/faultregs
                0x00000080042e3c20                _binary_obj_user_faultregs_start
                0x00000080043045a0                _binary_obj_user_faultregs_end
 .data          0x00000080043045a0    0x1ec18 obj/user/faultalloc
                0x00000080043045a0                _binary_obj_user_faultalloc_start
                0x00000080043231b8                _binary_obj_user_faultalloc_end
 .data          0x00000080043231b8    0x1ebe8 obj/user/faultallocbad
                0x00000080043231b8                _binary_obj_user_faultallocbad_start
                0x0000008004341da0                _binary_obj_user_faultallocbad_end
 .data          0x0000008004341da0    0x1e6e8 obj/user/faultnostack
                0x0000008004341da0                _binary_obj_user_faultnostack_start
                0x0000008004360488                _binary_obj_user_faultnostack_end
 .data          0x0000008004360488    0x1d988 obj/user/faultbadhandler
                0x0000008004360488                _binary_obj_user_faultbadhandler_start
                0x000000800437de10                _binary_obj_user_faultbadhandler_end
 .data          0x000000800437de10    0x1d988 obj/user/faultevilhandler
                0x000000800437de10                _binary_obj_user_faultevilhandler_start
                0x000000800439b798                _binary_obj_user_faultevilhandler_end
 .data          0x000000800439b798    0x21918 obj/user/forktree
                0x000000800439b798                _binary_obj_user_forktree_start
                0x00000080043bd0b0                _binary_obj_user_forktree_end
 .data          0x00000080043bd0b0    0x21810 obj/user/sendpage
                0x00000080043bd0b0                _binary_obj_user_sendpage_start
                0x00000080043de8c0                _binary_obj_user_sendpage_end
 .data          0x00000080043de8c0    0x216e8 obj/user/spin
                0x00000080043de8c0                _binary_obj_user_spin_start
                0x00000080043fffa8                _binary_obj_user_spin_end
 .data          0x00000080043fffa8    0x1daa8 obj/user/fairness
                0x00000080043fffa8                _binary_obj_user_fairness_start
                0x000000800441da50                _binary_obj_user_fairness_end
 .data          0x000000800441da50    0x216d0 obj/user/pingpong
                0x000000800441da50                _binary_obj_user_pingpong_start
                0x000000800443f120                _binary_obj_user_pingpong_end
 .data          0x000000800443f120    0x21730 obj/user/pingpongs
                0x000000800443f120                _binary_obj_user_pingpongs_start
                0x0000008004460850                _binary_obj_user_pingpongs_end
 .data          0x0000008004460850    0x21938 obj/user/primes
                0x0000008004460850                _binary_obj_user_primes_start
                0x0000008004482188                _binary_obj_user_primes_end
 .data          0x0000008004482188    0x20a20 obj/user/testfile
                0x0000008004482188                _binary_obj_user_testfile_start
                0x00000080044a2ba8                _binary_obj_user_testfile_end
 .data          0x00000080044a2ba8    0x1e2b0 obj/user/writemotd
                0x00000080044a2ba8                _binary_obj_user_writemotd_start
                0x00000080044c0e58                _binary_obj_user_writemotd_end
 .data          0x00000080044c0e58    0x217d8 obj/user/spawnhello
                0x00000080044c0e58                _binary_obj_user_spawnhello_start
                0x00000080044e2630                _binary_obj_user_spawnhello_end
 .data          0x00000080044e2630    0x21ce8 obj/user/icode
                0x00000080044e2630                _binary_obj_user_icode_start
                0x0000008004504318                _binary_obj_user_icode_end
 .data          0x0000008004504318    0x377d8 obj/fs/fs
                0x0000008004504318                _binary_obj_fs_fs_start
                0x000000800453baf0                _binary_obj_fs_fs_end
 .data          0x000000800453baf0    0x26550 obj/user/testpteshare
                0x000000800453baf0                _binary_obj_user_testpteshare_start
                0x0000008004562040                _binary_obj_user_testpteshare_end
 .data          0x0000008004562040    0x22b28 obj/user/testfdsharing
                0x0000008004562040                _binary_obj_user_testfdsharing_start
                0x0000008004584b68                _binary_obj_user_testfdsharing_end
 .data          0x0000008004584b68    0x22ba8 obj/user/testpipe
                0x0000008004584b68                _binary_obj_user_testpipe_start
                0x00000080045a7710                _binary_obj_user_testpipe_end
 .data          0x00000080045a7710    0x21e18 obj/user/testpiperace
                0x00000080045a7710                _binary_obj_user_testpiperace_start
                0x00000080045c9528                _binary_obj_user_testpiperace_end
 .data          0x00000080045c9528    0x21c00 obj/user/testpiperace2
                0x00000080045c9528                _binary_obj_user_testpiperace2_start
                0x00000080045eb128                _binary_obj_user_testpiperace2_end
 .data          0x00000080045eb128    0x21e38 obj/user/primespipe
                0x00000080045eb128                _binary_obj_user_primespipe_start
                0x000000800460cf60                _binary_obj_user_primespipe_end
 .data          0x000000800460cf60    0x1f8e0 obj/user/testkbd
                0x000000800460cf60                _binary_obj_user_testkbd_start
                0x000000800462c840                _binary_obj_user_testkbd_end
 .data          0x000000800462c840    0x26fe8 obj/user/testshell
                0x000000800462c840                _binary_obj_user_testshell_start
                0x0000008004653828                _binary_obj_user_testshell_end
                0x0000008004653828                PROVIDE (edata = .)

.got            0x0000008004653828        0x0 load address 0x0000000000653828
 .got           0x0000008004653828        0x0 obj/kern/bootstrap.o

.got.plt        0x0000008004653828        0x0 load address 0x0000000000653828
 .got.plt       0x0000008004653828        0x0 obj/kern/bootstrap.o

.igot.plt       0x0000008004653828        0x0 load address 0x0000000000653828
 .igot.plt      0x0000008004653828        0x0 obj/kern/bootstrap.o

.bss            0x0000008004654000    0x84010 load address 0x0000000000654000
 *(EXCLUDE_FILE(obj/kern/bootstrap.o) .bss)
 .bss           0x0000008004654000        0x0 obj/kern/entry.o
 .bss           0x0000008004654000        0x0 obj/kern/init.o
 .bss           0x0000008004654000      0x22c obj/kern/console.o
 .bss           0x000000800465422c        0x0 obj/kern/monitor.o
 *fill*         0x000000800465422c        0x4 
 .bss           0x0000008004654230       0x20 obj/kern/pmap.o
 .bss           0x0000008004654250       0x10 obj/kern/env.o
                0x0000008004654250                envs
 .bss           0x0000008004654260        0x0 obj/kern/kclock.o
 .bss           0x0000008004654260        0x1 obj/kern/picirq.o
 .bss           0x0000008004654261        0x0 obj/kern/printf.o
 *fill*         0x0000008004654261       0x1f 
 .bss           0x0000008004654280     0x1018 obj/kern/trap.o
                0x0000008004654280                idt
                0x0000008004655280                idt_pd
 .bss           0x0000008004655298        0x0 obj/kern/trapentry.o
 .bss           0x0000008004655298        0x0 obj/kern/sched.o
 .bss           0x0000008004655298        0x0 obj/kern/syscall.o
 .bss           0x0000008004655298        0x8 obj/kern/kdebug.o
 .bss           0x00000080046552a0        0x0 obj/kern/printfmt.o
 .bss           0x00000080046552a0      0x400 obj/kern/readline.o
 .bss           0x00000080046556a0        0x0 obj/kern/string.o
 .bss           0x00000080046556a0        0x0 obj/kern/libdwarf_rw.o
 .bss           0x00000080046556a0       0x68 obj/kern/libdwarf_frame.o
                0x00000080046556a0                global_rt_table
                0x00000080046556e0                global_rt_table_shadow
 .bss           0x0000008004655708        0x0 obj/kern/libdwarf_lineno.o
 .bss           0x0000008004655708        0x0 obj/kern/elf_rw.o
 .bss           0x0000008004655708        0x0 obj/kern/mpentry.o
 .bss           0x0000008004655708        0x0 obj/kern/mpconfig.o
 .bss           0x0000008004655708        0x0 obj/kern/lapic.o
 .bss           0x0000008004655708        0x0 obj/kern/spinlock.o
 COMMON         0x0000008004655708       0x18 obj/kern/init.o
                0x0000008004655708                end_debug
                0x0000008004655710                panicstr
                0x0000008004655718                mpentry_kstack
 COMMON         0x0000008004655720       0x20 obj/kern/pmap.o
                0x0000008004655720                boot_cr3
                0x0000008004655728                boot_pml4e
                0x0000008004655730                npages
                0x0000008004655738                pages
 COMMON         0x0000008004655740       0x68 obj/kern/trap.o
                0x0000008004655740                ts
 *fill*         0x00000080046557a8       0x18 
 COMMON         0x00000080046557c0      0x160 obj/kern/kdebug.o
                0x00000080046557c0                mydebug
                0x0000008004655820                _cie
                0x00000080046558a0                _fde
 COMMON         0x0000008004655920      0xc70 obj/kern/libdwarf_frame.o
                0x0000008004655920                global_rules_shadow
                0x0000008004655f60                global_rules
 *fill*         0x0000008004656590       0x10 
 COMMON         0x00000080046565a0      0x200 obj/kern/libdwarf_lineno.o
                0x00000080046565a0                global_std_op
 *fill*         0x00000080046567a0      0x860 
 COMMON         0x0000008004657000    0x81000 obj/kern/mpconfig.o
                0x0000008004657000                ismp
                0x0000008004657020                cpus
                0x00000080046573e0                bootcpu
                0x00000080046573e8                ncpu
                0x0000008004658000                percpu_kstacks
 COMMON         0x00000080046d8000       0x10 obj/kern/lapic.o
                0x00000080046d8000                lapicaddr
                0x00000080046d8008                lapic
                0x00000080046d8010                PROVIDE (end = .)

.debug
 *(.debug)

.line
 *(.line)

.debug_srcinfo
 *(.debug_srcinfo)

.debug_sfnames
 *(.debug_sfnames)

.debug_aranges  0x0000000000000000      0x4e0
 *(.debug_aranges)
 .debug_aranges
                0x0000000000000000       0x30 obj/kern/bootstrap.o
 .debug_aranges
                0x0000000000000030       0x30 obj/kern/entry.o
 .debug_aranges
                0x0000000000000060       0x30 obj/kern/init.o
 .debug_aranges
                0x0000000000000090       0x30 obj/kern/console.o
 .debug_aranges
                0x00000000000000c0       0x30 obj/kern/monitor.o
 .debug_aranges
                0x00000000000000f0       0x30 obj/kern/pmap.o
 .debug_aranges
                0x0000000000000120       0x30 obj/kern/env.o
 .debug_aranges
                0x0000000000000150       0x30 obj/kern/kclock.o
 .debug_aranges
                0x0000000000000180       0x30 obj/kern/picirq.o
 .debug_aranges
                0x00000000000001b0       0x30 obj/kern/printf.o
 .debug_aranges
                0x00000000000001e0       0x30 obj/kern/trap.o
 .debug_aranges
                0x0000000000000210       0x30 obj/kern/trapentry.o
 .debug_aranges
                0x0000000000000240       0x30 obj/kern/sched.o
 .debug_aranges
                0x0000000000000270       0x30 obj/kern/syscall.o
 .debug_aranges
                0x00000000000002a0       0x30 obj/kern/kdebug.o
 .debug_aranges
                0x00000000000002d0       0x30 obj/kern/printfmt.o
 .debug_aranges
                0x0000000000000300       0x30 obj/kern/readline.o
 .debug_aranges
                0x0000000000000330       0x30 obj/kern/string.o
 .debug_aranges
                0x0000000000000360       0x30 obj/kern/libdwarf_rw.o
 .debug_aranges
                0x0000000000000390       0x30 obj/kern/libdwarf_frame.o
 .debug_aranges
                0x00000000000003c0       0x30 obj/kern/libdwarf_lineno.o
 .debug_aranges
                0x00000000000003f0       0x30 obj/kern/elf_rw.o
 .debug_aranges
                0x0000000000000420       0x30 obj/kern/mpentry.o
 .debug_aranges
                0x0000000000000450       0x30 obj/kern/mpconfig.o
 .debug_aranges
                0x0000000000000480       0x30 obj/kern/lapic.o
 .debug_aranges
                0x00000000000004b0       0x30 obj/kern/spinlock.o

.debug_pubnames
 *(.debug_pubnames)

.debug_info     0x0000000000000000    0x19a8f
 *(.debug_info .gnu.linkonce.wi.*)
 .debug_info    0x0000000000000000       0x2e obj/kern/bootstrap.o
 .debug_info    0x000000000000002e       0x2e obj/kern/entry.o
 .debug_info    0x000000000000005c     0x112b obj/kern/init.o
 .debug_info    0x0000000000001187      0xf31 obj/kern/console.o
 .debug_info    0x00000000000020b8      0xc8b obj/kern/monitor.o
 .debug_info    0x0000000000002d43     0x5a5f obj/kern/pmap.o
 .debug_info    0x00000000000087a2     0x1964 obj/kern/env.o
 .debug_info    0x000000000000a106      0x1f3 obj/kern/kclock.o
 .debug_info    0x000000000000a2f9      0x4a9 obj/kern/picirq.o
 .debug_info    0x000000000000a7a2      0x276 obj/kern/printf.o
 .debug_info    0x000000000000aa18     0x1b1a obj/kern/trap.o
 .debug_info    0x000000000000c532       0x2e obj/kern/trapentry.o
 .debug_info    0x000000000000c560      0xb34 obj/kern/sched.o
 .debug_info    0x000000000000d094     0x1504 obj/kern/syscall.o
 .debug_info    0x000000000000e598     0x1c2b obj/kern/kdebug.o
 .debug_info    0x00000000000101c3      0x9eb obj/kern/printfmt.o
 .debug_info    0x0000000000010bae      0x25e obj/kern/readline.o
 .debug_info    0x0000000000010e0c      0x766 obj/kern/string.o
 .debug_info    0x0000000000011572     0x1fdc obj/kern/libdwarf_rw.o
 .debug_info    0x000000000001354e     0x1cee obj/kern/libdwarf_frame.o
 .debug_info    0x000000000001523c     0x12a2 obj/kern/libdwarf_lineno.o
 .debug_info    0x00000000000164de      0xd69 obj/kern/elf_rw.o
 .debug_info    0x0000000000017247       0x2e obj/kern/mpentry.o
 .debug_info    0x0000000000017275     0x101c obj/kern/mpconfig.o
 .debug_info    0x0000000000018291      0xbdd obj/kern/lapic.o
 .debug_info    0x0000000000018e6e      0xc21 obj/kern/spinlock.o

.debug_abbrev   0x0000000000000000     0x348f
 *(.debug_abbrev)
 .debug_abbrev  0x0000000000000000       0x14 obj/kern/bootstrap.o
 .debug_abbrev  0x0000000000000014       0x14 obj/kern/entry.o
 .debug_abbrev  0x0000000000000028      0x2ca obj/kern/init.o
 .debug_abbrev  0x00000000000002f2      0x2e9 obj/kern/console.o
 .debug_abbrev  0x00000000000005db      0x241 obj/kern/monitor.o
 .debug_abbrev  0x000000000000081c      0x395 obj/kern/pmap.o
 .debug_abbrev  0x0000000000000bb1      0x384 obj/kern/env.o
 .debug_abbrev  0x0000000000000f35      0x102 obj/kern/kclock.o
 .debug_abbrev  0x0000000000001037      0x115 obj/kern/picirq.o
 .debug_abbrev  0x000000000000114c      0x107 obj/kern/printf.o
 .debug_abbrev  0x0000000000001253      0x373 obj/kern/trap.o
 .debug_abbrev  0x00000000000015c6       0x14 obj/kern/trapentry.o
 .debug_abbrev  0x00000000000015da      0x24e obj/kern/sched.o
 .debug_abbrev  0x0000000000001828      0x287 obj/kern/syscall.o
 .debug_abbrev  0x0000000000001aaf      0x344 obj/kern/kdebug.o
 .debug_abbrev  0x0000000000001df3      0x28e obj/kern/printfmt.o
 .debug_abbrev  0x0000000000002081       0xff obj/kern/readline.o
 .debug_abbrev  0x0000000000002180      0x17e obj/kern/string.o
 .debug_abbrev  0x00000000000022fe      0x277 obj/kern/libdwarf_rw.o
 .debug_abbrev  0x0000000000002575      0x2d4 obj/kern/libdwarf_frame.o
 .debug_abbrev  0x0000000000002849      0x2a6 obj/kern/libdwarf_lineno.o
 .debug_abbrev  0x0000000000002aef      0x21f obj/kern/elf_rw.o
 .debug_abbrev  0x0000000000002d0e       0x14 obj/kern/mpentry.o
 .debug_abbrev  0x0000000000002d22      0x298 obj/kern/mpconfig.o
 .debug_abbrev  0x0000000000002fba      0x22e obj/kern/lapic.o
 .debug_abbrev  0x00000000000031e8      0x2a7 obj/kern/spinlock.o

.debug_line     0x0000000000000000     0x3c99
 *(.debug_line)
 .debug_line    0x0000000000000000       0x99 obj/kern/bootstrap.o
 .debug_line    0x0000000000000099       0x51 obj/kern/entry.o
 .debug_line    0x00000000000000ea      0x1fb obj/kern/init.o
 .debug_line    0x00000000000002e5      0x2bd obj/kern/console.o
 .debug_line    0x00000000000005a2      0x196 obj/kern/monitor.o
 .debug_line    0x0000000000000738      0xe54 obj/kern/pmap.o
 .debug_line    0x000000000000158c      0x374 obj/kern/env.o
 .debug_line    0x0000000000001900       0x86 obj/kern/kclock.o
 .debug_line    0x0000000000001986       0xc1 obj/kern/picirq.o
 .debug_line    0x0000000000001a47       0x87 obj/kern/printf.o
 .debug_line    0x0000000000001ace      0x363 obj/kern/trap.o
 .debug_line    0x0000000000001e31       0x7c obj/kern/trapentry.o
 .debug_line    0x0000000000001ead      0x193 obj/kern/sched.o
 .debug_line    0x0000000000002040      0x232 obj/kern/syscall.o
 .debug_line    0x0000000000002272      0x231 obj/kern/kdebug.o
 .debug_line    0x00000000000024a3      0x1d0 obj/kern/printfmt.o
 .debug_line    0x0000000000002673       0x9b obj/kern/readline.o
 .debug_line    0x000000000000270e      0x1ec obj/kern/string.o
 .debug_line    0x00000000000028fa      0x48c obj/kern/libdwarf_rw.o
 .debug_line    0x0000000000002d86      0x531 obj/kern/libdwarf_frame.o
 .debug_line    0x00000000000032b7      0x22c obj/kern/libdwarf_lineno.o
 .debug_line    0x00000000000034e3      0x245 obj/kern/elf_rw.o
 .debug_line    0x0000000000003728       0x74 obj/kern/mpentry.o
 .debug_line    0x000000000000379c      0x1fa obj/kern/mpconfig.o
 .debug_line    0x0000000000003996      0x16e obj/kern/lapic.o
 .debug_line    0x0000000000003b04      0x195 obj/kern/spinlock.o

.debug_frame
 *(.debug_frame)

.debug_str      0x0000000000000000     0x2baa
 *(.debug_str)
 .debug_str     0x0000000000000000       0x2e obj/kern/bootstrap.o
 .debug_str     0x000000000000002e        0xd obj/kern/entry.o
                                         0x2a (size before relaxing)
 .debug_str     0x000000000000003b      0x798 obj/kern/init.o
                                        0x875 (size before relaxing)
 .debug_str     0x00000000000007d3      0x13e obj/kern/console.o
                                        0x2ed (size before relaxing)
 .debug_str     0x0000000000000911      0x18d obj/kern/monitor.o
                                        0x512 (size before relaxing)
 .debug_str     0x0000000000000a9e      0x598 obj/kern/pmap.o
                                        0xbc9 (size before relaxing)
 .debug_str     0x0000000000001036      0x1db obj/kern/env.o
                                        0x9f6 (size before relaxing)
 .debug_str     0x0000000000001211       0x23 obj/kern/kclock.o
                                        0x17f (size before relaxing)
 .debug_str     0x0000000000001234       0x1b obj/kern/picirq.o
                                        0x1bb (size before relaxing)
 .debug_str     0x000000000000124f       0x18 obj/kern/printf.o
                                        0x1e2 (size before relaxing)
 .debug_str     0x0000000000001267      0x2f3 obj/kern/trap.o
                                        0xa56 (size before relaxing)
 .debug_str     0x000000000000155a       0x11 obj/kern/trapentry.o
                                         0x2e (size before relaxing)
 .debug_str     0x000000000000156b       0x38 obj/kern/sched.o
                                        0x684 (size before relaxing)
 .debug_str     0x00000000000015a3      0x218 obj/kern/syscall.o
                                        0x9f6 (size before relaxing)
 .debug_str     0x00000000000017bb      0xa06 obj/kern/kdebug.o
                                       0x115f (size before relaxing)
 .debug_str     0x00000000000021c1       0x97 obj/kern/printfmt.o
                                        0x377 (size before relaxing)
 .debug_str     0x0000000000002258       0x1e obj/kern/readline.o
                                        0x219 (size before relaxing)
 .debug_str     0x0000000000002276       0x6b obj/kern/string.o
                                        0x20d (size before relaxing)
 .debug_str     0x00000000000022e1      0x212 obj/kern/libdwarf_rw.o
                                        0xc5c (size before relaxing)
 .debug_str     0x00000000000024f3      0x26f obj/kern/libdwarf_frame.o
                                        0xbf2 (size before relaxing)
 .debug_str     0x0000000000002762      0x1ae obj/kern/libdwarf_lineno.o
                                        0xc2f (size before relaxing)
 .debug_str     0x0000000000002910      0x17a obj/kern/elf_rw.o
                                        0x4b5 (size before relaxing)
 .debug_str     0x0000000000002a8a        0xf obj/kern/mpentry.o
                                         0x2c (size before relaxing)
 .debug_str     0x0000000000002a99       0xa4 obj/kern/mpconfig.o
                                        0x61f (size before relaxing)
 .debug_str     0x0000000000002b3d       0x36 obj/kern/lapic.o
                                        0x589 (size before relaxing)
 .debug_str     0x0000000000002b73       0x37 obj/kern/spinlock.o
                                        0x65e (size before relaxing)

.debug_loc      0x0000000000000000    0x198c4
 *(.debug_loc)
 .debug_loc     0x0000000000000000      0x608 obj/kern/init.o
 .debug_loc     0x0000000000000608     0x1487 obj/kern/console.o
 .debug_loc     0x0000000000001a8f      0x972 obj/kern/monitor.o
 .debug_loc     0x0000000000002401     0x5b0a obj/kern/pmap.o
 .debug_loc     0x0000000000007f0b     0x1784 obj/kern/env.o
 .debug_loc     0x000000000000968f      0x1dc obj/kern/kclock.o
 .debug_loc     0x000000000000986b      0x5dd obj/kern/picirq.o
 .debug_loc     0x0000000000009e48      0x2be obj/kern/printf.o
 .debug_loc     0x000000000000a106      0x7ea obj/kern/trap.o
 .debug_loc     0x000000000000a8f0      0x367 obj/kern/sched.o
 .debug_loc     0x000000000000ac57     0x1b51 obj/kern/syscall.o
 .debug_loc     0x000000000000c7a8      0x9a7 obj/kern/kdebug.o
 .debug_loc     0x000000000000d14f      0xd3c obj/kern/printfmt.o
 .debug_loc     0x000000000000de8b      0x23b obj/kern/readline.o
 .debug_loc     0x000000000000e0c6     0x1996 obj/kern/string.o
 .debug_loc     0x000000000000fa5c     0x341b obj/kern/libdwarf_rw.o
 .debug_loc     0x0000000000012e77     0x2da1 obj/kern/libdwarf_frame.o
 .debug_loc     0x0000000000015c18     0x13e7 obj/kern/libdwarf_lineno.o
 .debug_loc     0x0000000000016fff     0x13ba obj/kern/elf_rw.o
 .debug_loc     0x00000000000183b9      0xb55 obj/kern/mpconfig.o
 .debug_loc     0x0000000000018f0e      0x556 obj/kern/lapic.o
 .debug_loc     0x0000000000019464      0x460 obj/kern/spinlock.o

.comment        0x0000000000000000       0x29
 .comment       0x0000000000000000       0x29 obj/kern/init.o
                                         0x2a (size before relaxing)
 .comment       0x0000000000000029       0x2a obj/kern/console.o
 .comment       0x0000000000000029       0x2a obj/kern/monitor.o
 .comment       0x0000000000000029       0x2a obj/kern/pmap.o
 .comment       0x0000000000000029       0x2a obj/kern/env.o
 .comment       0x0000000000000029       0x2a obj/kern/kclock.o
 .comment       0x0000000000000029       0x2a obj/kern/picirq.o
 .comment       0x0000000000000029       0x2a obj/kern/printf.o
 .comment       0x0000000000000029       0x2a obj/kern/trap.o
 .comment       0x0000000000000029       0x2a obj/kern/sched.o
 .comment       0x0000000000000029       0x2a obj/kern/syscall.o
 .comment       0x0000000000000029       0x2a obj/kern/kdebug.o
 .comment       0x0000000000000029       0x2a obj/kern/printfmt.o
 .comment       0x0000000000000029       0x2a obj/kern/readline.o
 .comment       0x0000000000000029       0x2a obj/kern/string.o
 .comment       0x0000000000000029       0x2a obj/kern/libdwarf_rw.o
 .comment       0x0000000000000029       0x2a obj/kern/libdwarf_frame.o
 .comment       0x0000000000000029       0x2a obj/kern/libdwarf_lineno.o
 .comment       0x0000000000000029       0x2a obj/kern/elf_rw.o
 .comment       0x0000000000000029       0x2a obj/kern/mpconfig.o
 .comment       0x0000000000000029       0x2a obj/kern/lapic.o
 .comment       0x0000000000000029       0x2a obj/kern/spinlock.o

.debug_macinfo
 *(.debug_macinfo)

.debug_weaknames
 *(.debug_weaknames)

.debug_funcnames
 *(.debug_funcnames)

.debug_typenames
 *(.debug_typenames)

.debug_varnames
 *(.debug_varnames)

/DISCARD/
 *(.note.GNU-stack)
LOAD obj/kern/entry.o
LOAD obj/kern/bootstrap.o
LOAD obj/kern/init.o
LOAD obj/kern/console.o
LOAD obj/kern/monitor.o
LOAD obj/kern/pmap.o
LOAD obj/kern/env.o
LOAD obj/kern/kclock.o
LOAD obj/kern/picirq.o
LOAD obj/kern/printf.o
LOAD obj/kern/trap.o
LOAD obj/kern/trapentry.o
LOAD obj/kern/sched.o
LOAD obj/kern/syscall.o
LOAD obj/kern/kdebug.o
LOAD obj/kern/printfmt.o
LOAD obj/kern/readline.o
LOAD obj/kern/string.o
LOAD obj/kern/libdwarf_rw.o
LOAD obj/kern/libdwarf_frame.o
LOAD obj/kern/libdwarf_lineno.o
LOAD obj/kern/elf_rw.o
LOAD obj/kern/mpentry.o
LOAD obj/kern/mpconfig.o
LOAD obj/kern/lapic.o
LOAD obj/kern/spinlock.o
LOAD /usr/lib/gcc/x86_64-linux-gnu/7/libgcc.a
TARGET(binary)
LOAD obj/user/hello
LOAD obj/user/idle
LOAD obj/user/yield
LOAD obj/user/dumbfork
LOAD obj/user/stresssched
LOAD obj/user/faultdie
LOAD obj/user/faultregs
LOAD obj/user/faultalloc
LOAD obj/user/faultallocbad
LOAD obj/user/faultnostack
LOAD obj/user/faultbadhandler
LOAD obj/user/faultevilhandler
LOAD obj/user/forktree
LOAD obj/user/sendpage
LOAD obj/user/spin
LOAD obj/user/fairness
LOAD obj/user/pingpong
LOAD obj/user/pingpongs
LOAD obj/user/primes
LOAD obj/user/testfile
LOAD obj/user/writemotd
LOAD obj/user/spawnhello
LOAD obj/user/icode
LOAD obj/fs/fs
LOAD obj/user/testpteshare
LOAD obj/user/testfdsharing
LOAD obj/user/testpipe
LOAD obj/user/testpiperace
LOAD obj/user/testpiperace2
LOAD obj/user/primespipe
LOAD obj/user/testkbd
LOAD obj/user/testshell
OUTPUT(obj/kern/kernel elf64-x86-64)

.debug_ranges   0x0000000000000000       0x30
 .debug_ranges  0x0000000000000000       0x30 obj/kern/string.o
